// Jest Snapshot v1, https://goo.gl/fbAQLP

exports[`Breadcrumbs recipe test matches snapshot 1`] = `
<DocumentFragment>
  <nav
    aria-label="breadcrumb"
    class="MuiTypography-root MuiBreadcrumbs-root makeStyles-breadcrumbs MuiTypography-body1 MuiTypography-colorTextSecondary"
  >
    <ol
      class="MuiBreadcrumbs-ol"
    >
      <li
        class="MuiBreadcrumbs-li"
      >
        <a
          class="MuiTypography-root MuiLink-root MuiLink-underlineHover MuiTypography-colorInherit"
          href="/recipes"
        >
          RECIPES
        </a>
      </li>
      <li
        aria-hidden="true"
        class="MuiBreadcrumbs-separator"
      >
        <svg
          aria-hidden="true"
          class="MuiSvgIcon-root makeStyles-separator MuiSvgIcon-fontSizeSmall"
          focusable="false"
          viewBox="0 0 24 24"
        >
          <path
            d="M10 6L8.59 7.41 13.17 12l-4.58 4.59L10 18l6-6z"
          />
        </svg>
      </li>
      <li
        class="MuiBreadcrumbs-li"
      >
        <a
          class="MuiTypography-root MuiLink-root MuiLink-underlineHover MuiTypography-colorInherit"
          href="/recipes/meals/test-meal"
        >
          TEST-MEAL
        </a>
      </li>
      <li
        aria-hidden="true"
        class="MuiBreadcrumbs-separator"
      >
        <svg
          aria-hidden="true"
          class="MuiSvgIcon-root makeStyles-separator MuiSvgIcon-fontSizeSmall"
          focusable="false"
          viewBox="0 0 24 24"
        >
          <path
            d="M10 6L8.59 7.41 13.17 12l-4.58 4.59L10 18l6-6z"
          />
        </svg>
      </li>
      <li
        class="MuiBreadcrumbs-li"
      >
        <a
          class="MuiTypography-root MuiLink-root MuiLink-underlineHover MuiTypography-colorInherit"
          href="/recipes/courses/test-course?meal=test-meal"
        >
          TEST-COURSE
        </a>
      </li>
    </ol>
  </nav>
</DocumentFragment>
`;
